6	1
2	1	1
2	1	1	1
2	1	1	4
3	1	8
2	1	8	11
6	1	4
5	1	4	11
2	1	2
2	1	2	1
2	1	5
2	1	5	11
3	8
2	8	11
2	9
2	9	1
2	9	2
3	10
2	10	1
6	4
5	4	11
6	2
2	2	1
2	2	1	4
3	2	8
2	2	8	11
5	2	4
4	2	4	11
6	11
2	5
2	5	11
